// Jest Snapshot v1, https://goo.gl/fbAQLP

exports[`Card should render correctly given the required props 1`] = `
<CardContainer>
  &lt;ChildComponent /&gt;
</CardContainer>
`;
