// Jest Snapshot v1, https://goo.gl/fbAQLP

exports[`CardTitle should render correctly given the required props 1`] = `
<Title>
  &lt;ChildComponent /&gt;
</Title>
`;
