// Jest Snapshot v1, https://goo.gl/fbAQLP

exports[`CollectProduct should render correctly given the required props 1`] = `<CollectProductContainer />`;
