// Jest Snapshot v1, https://goo.gl/fbAQLP

exports[`ProductItem should render correctly given the required props 1`] = `
<li>
  <ProductItemButton
    onClick={[Function]}
    type="button"
  >
    <ProductImg
      alt="coca cola"
      src="http://vendingmachine.com/coke.png"
      width="46"
    />
    <ProductDetails>
      <ProductPrice>
        20
         â‚¬
      </ProductPrice>
      <ProductQuantity>
        7 units
      </ProductQuantity>
    </ProductDetails>
  </ProductItemButton>
</li>
`;
